// Jest Snapshot v1, https://goo.gl/fbAQLP

exports[`WeatherDetails should generate snapshot 1`] = `
<View
  style={
    {
      "backgroundColor": "rgba(255, 255, 255, 0.5)",
      "borderRadius": 8,
      "marginBottom": 32,
      "marginTop": 16,
      "padding": 16,
    }
  }
>
  <Text
    style={
      [
        {
          "textAlign": "left",
        },
        {
          "color": "rgba(28, 27, 31, 1)",
          "fontFamily": "System",
          "fontWeight": "400",
          "letterSpacing": 0,
        },
        {
          "writingDirection": "ltr",
        },
        {
          "fontSize": 20,
          "fontWeight": "bold",
          "marginBottom": 8,
        },
      ]
    }
  >
    Weather Details
  </Text>
  <Text
    style={
      [
        {
          "textAlign": "left",
        },
        {
          "color": "rgba(28, 27, 31, 1)",
          "fontFamily": "System",
          "fontWeight": "400",
          "letterSpacing": 0,
        },
        {
          "writingDirection": "ltr",
        },
        {
          "fontSize": 16,
          "marginBottom": 4,
        },
      ]
    }
  >
    Humidity: 
    10
    %
  </Text>
  <Text
    style={
      [
        {
          "textAlign": "left",
        },
        {
          "color": "rgba(28, 27, 31, 1)",
          "fontFamily": "System",
          "fontWeight": "400",
          "letterSpacing": 0,
        },
        {
          "writingDirection": "ltr",
        },
        {
          "fontSize": 16,
          "marginBottom": 4,
        },
      ]
    }
  >
    Pressure: 
    20
     hPa
  </Text>
  <Text
    style={
      [
        {
          "textAlign": "left",
        },
        {
          "color": "rgba(28, 27, 31, 1)",
          "fontFamily": "System",
          "fontWeight": "400",
          "letterSpacing": 0,
        },
        {
          "writingDirection": "ltr",
        },
        {
          "fontSize": 16,
          "marginBottom": 4,
        },
      ]
    }
  >
    Wind Speed: 
    20
     m/s
  </Text>
  <Text
    style={
      [
        {
          "textAlign": "left",
        },
        {
          "color": "rgba(28, 27, 31, 1)",
          "fontFamily": "System",
          "fontWeight": "400",
          "letterSpacing": 0,
        },
        {
          "writingDirection": "ltr",
        },
        {
          "fontSize": 16,
          "marginBottom": 4,
        },
      ]
    }
  >
    Cloudiness: 
    60
    %
  </Text>
</View>
`;
