// Jest Snapshot v1, https://goo.gl/fbAQLP

exports[`LocationSearchScreen should generate snapshot 1`] = `
<View
  accessibilityIgnoresInvertColors={true}
  style={
    {
      "alignItems": "center",
      "flex": 1,
      "height": 1334,
      "justifyContent": "center",
      "width": 750,
    }
  }
>
  <Image
    blurRadius={16}
    source={
      {
        "testUri": "../../../src/shared/assets/images/bg.webp",
      }
    }
    style={
      [
        {
          "bottom": 0,
          "left": 0,
          "position": "absolute",
          "right": 0,
          "top": 0,
        },
        {
          "height": 1334,
          "width": 750,
        },
        undefined,
      ]
    }
  />
  <RCTSafeAreaView
    style={
      [
        {
          "flex": 1,
          "margin": 16,
          "width": "100%",
        },
        undefined,
      ]
    }
  >
    <View
      accessibilityState={
        {
          "busy": undefined,
          "checked": undefined,
          "disabled": undefined,
          "expanded": undefined,
          "selected": undefined,
        }
      }
      accessible={true}
      focusable={true}
      onClick={[Function]}
      onResponderGrant={[Function]}
      onResponderMove={[Function]}
      onResponderRelease={[Function]}
      onResponderTerminate={[Function]}
      onResponderTerminationRequest={[Function]}
      onStartShouldSetResponder={[Function]}
      style={
        {
          "alignItems": "center",
          "flex": 1,
          "gap": 16,
          "margin": 8,
        }
      }
    >
      <View
        style={
          {
            "width": "100%",
            "zIndex": 1,
          }
        }
      >
        <View
          style={
            {
              "opacity": 0.7,
            }
          }
        >
          <View
            pointerEvents="none"
            style={
              [
                {
                  "bottom": 0,
                  "left": 0,
                  "position": "absolute",
                  "right": 0,
                  "top": 6,
                },
                {
                  "top": 0,
                },
                {
                  "backgroundColor": "rgba(255, 251, 254, 1)",
                  "borderColor": "rgba(121, 116, 126, 1)",
                  "borderRadius": 4,
                  "borderWidth": 1,
                },
                {
                  "borderRadius": 16,
                },
              ]
            }
            testID="text-input-outline"
          />
          <View
            style={
              [
                {
                  "flexGrow": 1,
                  "paddingBottom": 0,
                },
                {
                  "minHeight": 56,
                  "paddingTop": 0,
                },
              ]
            }
          >
            <TextInput
              cursorColor="rgba(103, 80, 164, 1)"
              editable={true}
              maxFontSizeMultiplier={1.5}
              multiline={false}
              onBlur={[Function]}
              onChangeText={[Function]}
              onFocus={[Function]}
              onLayout={[Function]}
              placeholder="Search city"
              placeholderTextColor="rgba(73, 69, 79, 1)"
              selectionColor="rgba(103, 80, 164, 1)"
              style={
                [
                  {
                    "flexGrow": 1,
                    "margin": 0,
                  },
                  {
                    "height": 56,
                  },
                  {
                    "paddingBottom": 0,
                    "paddingTop": 0,
                  },
                  {
                    "color": "rgba(28, 27, 31, 1)",
                    "fontFamily": "System",
                    "fontSize": 16,
                    "fontWeight": undefined,
                    "letterSpacing": 0.15,
                    "lineHeight": undefined,
                    "minWidth": 65,
                    "paddingHorizontal": 16,
                    "textAlign": "left",
                    "textAlignVertical": "center",
                  },
                  false,
                  [
                    {},
                  ],
                  undefined,
                ]
              }
              testID="text-input-outlined"
              underlineColorAndroid="transparent"
              value=""
            />
          </View>
        </View>
      </View>
      <Text
        style={
          [
            {
              "textAlign": "left",
            },
            {
              "color": "rgba(28, 27, 31, 1)",
              "fontFamily": "System",
              "fontWeight": "400",
              "letterSpacing": 0,
            },
            {
              "writingDirection": "ltr",
            },
            {
              "color": "lightgray",
              "fontSize": 16,
            },
          ]
        }
      >
        Check the weather for a city
      </Text>
    </View>
  </RCTSafeAreaView>
</View>
`;
