// Jest Snapshot v1, https://goo.gl/fbAQLP

exports[`LocationSearchScreen should generate snapshot 1`] = `
<View
  collapsable={false}
  entering={
    FadeIn {
      "build": [Function],
      "callbackV": undefined,
      "dampingRatioV": undefined,
      "dampingV": undefined,
      "delayV": undefined,
      "durationV": 200,
      "easingV": undefined,
      "initialValues": undefined,
      "massV": undefined,
      "overshootClampingV": undefined,
      "randomizeDelay": false,
      "reduceMotionV": "system",
      "restDisplacementThresholdV": undefined,
      "restSpeedThresholdV": undefined,
      "rotateV": undefined,
      "stiffnessV": undefined,
      "type": undefined,
    }
  }
  jestAnimatedStyle={
    {
      "value": {},
    }
  }
  style={
    {
      "alignItems": "center",
      "flexDirection": "row",
      "justifyContent": "center",
      "padding": 8,
    }
  }
>
  <View
    accessibilityRole="progressbar"
    accessibilityState={
      {
        "busy": true,
      }
    }
    accessible={true}
    style={
      [
        {
          "alignItems": "center",
          "justifyContent": "center",
        },
        undefined,
      ]
    }
  >
    <View
      collapsable={false}
      style={
        {
          "height": 24,
          "opacity": 1,
          "width": 24,
        }
      }
    >
      <View
        collapsable={false}
        style={
          {
            "alignItems": "center",
            "bottom": 0,
            "justifyContent": "center",
            "left": 0,
            "position": "absolute",
            "right": 0,
            "top": 0,
          }
        }
      >
        <View
          collapsable={false}
          style={
            {
              "height": 24,
              "transform": [
                {
                  "rotate": "45deg",
                },
              ],
              "width": 24,
            }
          }
        >
          <View
            collapsable={false}
            style={
              {
                "height": 12,
                "overflow": "hidden",
                "width": 24,
              }
            }
          >
            <View
              collapsable={false}
              style={
                {
                  "height": 24,
                  "transform": [
                    {
                      "translateY": 0,
                    },
                    {
                      "rotate": "-165deg",
                    },
                  ],
                  "width": 24,
                }
              }
            >
              <View
                collapsable={false}
                style={
                  {
                    "height": 12,
                    "overflow": "hidden",
                    "width": 24,
                  }
                }
              >
                <View
                  collapsable={false}
                  style={
                    {
                      "borderColor": "rgba(103, 80, 164, 1)",
                      "borderRadius": 12,
                      "borderWidth": 2.4,
                      "height": 24,
                      "width": 24,
                    }
                  }
                />
              </View>
            </View>
          </View>
        </View>
      </View>
      <View
        collapsable={false}
        style={
          {
            "alignItems": "center",
            "bottom": 0,
            "justifyContent": "center",
            "left": 0,
            "position": "absolute",
            "right": 0,
            "top": 0,
          }
        }
      >
        <View
          collapsable={false}
          style={
            {
              "height": 24,
              "transform": [
                {
                  "rotate": "45deg",
                },
              ],
              "width": 24,
            }
          }
        >
          <View
            collapsable={false}
            style={
              {
                "height": 12,
                "overflow": "hidden",
                "top": 12,
                "width": 24,
              }
            }
          >
            <View
              collapsable={false}
              style={
                {
                  "height": 24,
                  "transform": [
                    {
                      "translateY": -12,
                    },
                    {
                      "rotate": "345deg",
                    },
                  ],
                  "width": 24,
                }
              }
            >
              <View
                collapsable={false}
                style={
                  {
                    "height": 12,
                    "overflow": "hidden",
                    "width": 24,
                  }
                }
              >
                <View
                  collapsable={false}
                  style={
                    {
                      "borderColor": "rgba(103, 80, 164, 1)",
                      "borderRadius": 12,
                      "borderWidth": 2.4,
                      "height": 24,
                      "width": 24,
                    }
                  }
                />
              </View>
            </View>
          </View>
        </View>
      </View>
    </View>
  </View>
  <Text
    style={
      [
        {
          "textAlign": "left",
        },
        {
          "color": "rgba(28, 27, 31, 1)",
          "fontFamily": "System",
          "fontWeight": "400",
          "letterSpacing": 0,
        },
        {
          "writingDirection": "ltr",
        },
        {
          "fontSize": 16,
          "marginLeft": 8,
        },
      ]
    }
  >
    Loading...
  </Text>
</View>
`;
